[www.google-analytics.com/analytics.js]
[backblue.gif]
[fade.gif]
[index.html]
[clapat.ro/themes/bauman/favicon.ico]
[clapat.ro/themes/bauman/images/logo.png]
[clapat.ro/themes/bauman/images/logo-white.png]
[clapat.ro/themes/bauman/js/jquery.min.js]
[cdnjs.cloudflare.com/ajax/libs/ScrollMagic/2.0.5/ScrollMagic.min.js]
[cdnjs.cloudflare.com/ajax/libs/ScrollMagic/2.0.5/plugins/animation.gsap.min.js]
[clapat.ro/themes/bauman/js/plugins.js]
[clapat.ro/themes/bauman/js/scripts.js]
[clapat.ro/themes/bauman/index.html]
[clapat.ro/themes/bauman/images/rotate.png]
[clapat.ro/themes/bauman/style.css]
[clapat.ro/themes/bauman/fonts/fontawesome-webfont78ce.eot]
[clapat.ro/themes/bauman/fonts/fontawesome-webfontd41d.eot]
[clapat.ro/themes/bauman/fonts/fontawesome-webfont78ce.woff]
[clapat.ro/themes/bauman/fonts/fontawesome-webfont78ce.ttf]
[clapat.ro/themes/bauman/css/font-awesome.min.css]
[clapat.ro/themes/bauman/index-2.html]
[clapat.ro/themes/bauman/carousel.html]
[clapat.ro/themes/bauman/portfolio-grid.html]
[clapat.ro/themes/bauman/portfolio-mixed.html]
[clapat.ro/themes/bauman/index-classic.html]
[clapat.ro/themes/bauman/images/client-01.png]
[clapat.ro/themes/bauman/images/client-02.png]
[clapat.ro/themes/bauman/images/client-03.png]
[clapat.ro/themes/bauman/images/client-04.png]
[clapat.ro/themes/bauman/images/client-05.png]
[clapat.ro/themes/bauman/images/client-06.png]
[clapat.ro/themes/bauman/images/client-07.png]
[clapat.ro/themes/bauman/images/client-08.png]
[clapat.ro/themes/bauman/about.html]
[clapat.ro/themes/bauman/contact.html]
[clapat.ro/themes/bauman/images/01hero.jpg]
[clapat.ro/themes/bauman/images/projects/deals00.jpg]
[clapat.ro/themes/bauman/images/projects/deals01.jpg]
[clapat.ro/themes/bauman/images/projects/deals02.jpg]
[clapat.ro/themes/bauman/images/projects/deals03.jpg]
[clapat.ro/themes/bauman/images/projects/deals04.jpg]
[clapat.ro/themes/bauman/images/02hero.jpg]
[clapat.ro/themes/bauman/project01.html]
[clapat.ro/themes/bauman/images/projects/opulence01.jpg]
[clapat.ro/themes/bauman/images/projects/opulence02.jpg]
[clapat.ro/themes/bauman/images/projects/opulence03.jpg]
[clapat.ro/themes/bauman/images/projects/opulence04.jpg]
[clapat.ro/themes/bauman/images/projects/opulence05.jpg]
[clapat.ro/themes/bauman/images/03hero.jpg]
[clapat.ro/themes/bauman/project02.html]
[clapat.ro/themes/bauman/images/projects/cillemore01.jpg]
[clapat.ro/themes/bauman/images/projects/cillemore04.jpg]
[clapat.ro/themes/bauman/images/projects/cillemore03.jpg]
[clapat.ro/themes/bauman/images/projects/cillemore06.jpg]
[clapat.ro/themes/bauman/images/projects/cillemore11.jpg]
[clapat.ro/themes/bauman/images/04hero.jpg]
[clapat.ro/themes/bauman/project03.html]
[clapat.ro/themes/bauman/images/projects/hate.jpg]
[clapat.ro/themes/bauman/images/05hero.jpg]
[clapat.ro/themes/bauman/project04.html]
[clapat.ro/themes/bauman/images/projects/dp01.jpg]
[clapat.ro/themes/bauman/images/projects/dp02.jpg]
[clapat.ro/themes/bauman/images/projects/dp03.jpg]
[clapat.ro/themes/bauman/images/projects/dp04.jpg]
[clapat.ro/themes/bauman/images/projects/dp05.jpg]
[clapat.ro/themes/bauman/images/06hero.jpg]
[clapat.ro/themes/bauman/project05.html]
[clapat.ro/themes/bauman/images/projects/verhelst01.jpg]
[clapat.ro/themes/bauman/images/projects/verhelst02.gif]
[clapat.ro/themes/bauman/images/projects/verhelst03.jpg]
[clapat.ro/themes/bauman/images/projects/verhelst04.jpg]
[clapat.ro/themes/bauman/images/projects/verhelst05.jpg]
[clapat.ro/themes/bauman/images/07hero.jpg]
[clapat.ro/themes/bauman/project06.html]
[clapat.ro/themes/bauman/images/projects/tim01.jpg]
[clapat.ro/themes/bauman/images/projects/tim02.jpg]
[clapat.ro/themes/bauman/images/projects/tim03.jpg]
[clapat.ro/themes/bauman/images/projects/tim04.jpg]
[clapat.ro/themes/bauman/images/08hero.jpg]
[clapat.ro/themes/bauman/project07.html]
[clapat.ro/themes/bauman/images/projects/sapfo02.jpg]
[clapat.ro/themes/bauman/images/projects/sapfo01.jpg]
[clapat.ro/themes/bauman/images/09hero.jpg]
[clapat.ro/themes/bauman/project08.html]
[clapat.ro/themes/bauman/images/projects/fh01.jpg]
[clapat.ro/themes/bauman/images/projects/fh08.jpg]
[clapat.ro/themes/bauman/images/projects/fh02.jpg]
[clapat.ro/themes/bauman/images/projects/fh09.jpg]
[clapat.ro/themes/bauman/images/projects/fh03.jpg]
[clapat.ro/themes/bauman/images/projects/fh10.jpg]
[clapat.ro/themes/bauman/images/projects/fh04.jpg]
[clapat.ro/themes/bauman/images/projects/fh05.jpg]
[clapat.ro/themes/bauman/images/projects/fh06.jpg]
[clapat.ro/themes/bauman/images/projects/fh07.jpg]
[clapat.ro/themes/bauman/images/projects/fh17.jpg]
[clapat.ro/themes/bauman/images/projects/fh11.jpg]
[clapat.ro/themes/bauman/images/projects/fh12.jpg]
[clapat.ro/themes/bauman/images/projects/fh13.jpg]
[clapat.ro/themes/bauman/images/projects/fh15.jpg]
[clapat.ro/themes/bauman/images/projects/fh16.jpg]
[clapat.ro/themes/bauman/images/projects/fh18.jpg]
[clapat.ro/themes/bauman/images/projects/fh19.jpg]
[clapat.ro/themes/bauman/images/projects/fh14.jpg]
[clapat.ro/themes/bauman/project09.html]
[clapat.ro/themes/bauman/css/showcase.css]
[clapat.ro/themes/bauman/css/hero.css]
[clapat.ro/themes/bauman/css/portfolio.css]
[clapat.ro/themes/bauman/css/shortcodes.css]
[clapat.ro/themes/bauman/css/assets.css]
[clapat.ro/themes/bauman/fonts/fontawesome-webfont78ce.svg]
[clapat.ro/themes/bauman/css/owl.video.play.html]
